
> frontend@0.1.0 build
> react-scripts build

node.exe : (node:22792) [DEP0176] DeprecationWarning: fs.F_OK is deprecated, use fs.constants.F_OK instead
строка:1 знак:1
+ & "C:\Program Files\nodejs/node.exe" "C:\Program Files\nodejs/node_mo ...
+ ~~~~~~~~~~~~~~~~~~~~~~~~~~~~~~~~~~~~~~~~~~~~~~~~~~~~~~~~~~~~~~~~~~~~~
    + CategoryInfo          : NotSpecified: ((node:22792) [D...ts.F_OK instead:String) [], RemoteException
    + FullyQualifiedErrorId : NativeCommandError
 
(Use `node --trace-deprecation ...` to show where the warning was created)
Creating an optimized production build...
Compiled with warnings.

[eslint] 
src\pages\AddBook.js
  Line 121:8:  React Hook useEffect has a missing dependency: 'tryAutoFillCover'. Either include it or remove the dependency array  react-hooks/exhaustive-deps

src\pages\EditBook.js
  Line 152:8:  React Hook useEffect has a missing dependency: 'tryAutoFillCover'. Either include it or remove the dependency array  react-hooks/exhaustive-deps

src\pages\Exchanges.js
  Line 344:8:  React Hook useEffect has a missing dependency: 'reload'. Either include it or remove the dependency array  react-hooks/exhaustive-deps

Search for the keywords to learn more about each warning.
To ignore, add // eslint-disable-next-line to the line before.

File sizes after gzip:

  111.38 kB  build\static\js\main.79b0771d.js
  263 B      build\static\css\main.e6c13ad2.css

The project was built assuming it is hosted at /.
You can control this with the homepage field in your package.json.

The build folder is ready to be deployed.
You may serve it with a static server:

  npm install -g serve
  serve -s build

Find out more about deployment here:

  https://cra.link/deployment

